[     241ms] [INFO] %cDownload the React DevTools for a better development experience: https://react.dev/link/react-devtools font-weight:bold @ http://localhost:3000/_next/static/chunks/node_modules_next_dist_7b3a48b7._.js:1054
[     309ms] [LOG] [HMR] connected @ http://localhost:3000/_next/static/chunks/node_modules_next_dist_7b3a48b7._.js:1054
[     346ms] [ERROR] %o

%s Error: You have rendered a `motion` component within a `LazyMotion` component. This will break tree shaking. Import and render a `m` component instead.. For more information and steps for solving, visit https://motion.dev/troubleshooting/lazy-strict-mode
    at invariant (http://localhost:3000/_next/static/chunks/node_modules_e751c9e6._.js:5547:19)
    at useStrictMode (http://localhost:3000/_next/static/chunks/node_modules_e925c604._.js:1025:428)
    at MotionDOMComponent (http://localhost:3000/_next/static/chunks/node_modules_e925c604._.js:985:13)
    at Object.react_stack_bottom_frame (http://localhost:3000/_next/static/chunks/node_modules_next_dist_compiled_react-dom_1e674e59._.js:14827:24)
    at renderWithHooks (http://localhost:3000/_next/static/chunks/node_modules_next_dist_compiled_react-dom_1e674e59._.js:4652:24)
    at updateForwardRef (http://localhost:3000/_next/static/chunks/node_modules_next_dist_compiled_react-dom_1e674e59._.js:5940:21)
    at beginWork (http://localhost:3000/_next/static/chunks/node_modules_next_dist_compiled_react-dom_1e674e59._.js:6784:24)
    at runWithFiberInDEV (http://localhost:3000/_next/static/chunks/node_modules_next_dist_compiled_react-dom_1e674e59._.js:966:74)
    at performUnitOfWork (http://localhost:3000/_next/static/chunks/node_modules_next_dist_compiled_react-dom_1e674e59._.js:9563:97)
    at workLoopSync (http://localhost:3000/_next/static/chunks/node_modules_next_dist_compiled_react-dom_1e674e59._.js:9457:40)
    at renderRootSync (http://localhost:3000/_next/static/chunks/node_modules_next_dist_compiled_react-dom_1e674e59._.js:9441:13)
    at performWorkOnRoot (http://localhost:3000/_next/static/chunks/node_modules_next_dist_compiled_react-dom_1e674e59._.js:9106:47)
    at performWorkOnRootViaSchedulerTask (http://localhost:3000/_next/static/chunks/node_modules_next_dist_compiled_react-dom_1e674e59._.js:10231:9)
    at MessagePort.performWorkUntilDeadline (http://localhost:3000/_next/static/chunks/node_modules_next_dist_compiled_04fc3d3b._.js:3290:64) The above error occurred in the <MotionDOMComponent> component. It was handled by the <ErrorBoundaryHandler> error boundary. @ http://localhost:3000/_next/static/chunks/node_modules_next_dist_client_e6ad3705._.js:2643
[     349ms] [ERROR] Application error: Error: You have rendered a `motion` component within a `LazyMotion` component. This will break tree shaking. Import and render a `m` component instead.. For more information and steps for solving, visit https://motion.dev/troubleshooting/lazy-strict-mode
    at invariant (http://localhost:3000/_next/static/chunks/node_modules_e751c9e6._.js:5547:19)
    at useStrictMode (http://localhost:3000/_next/static/chunks/node_modules_e925c604._.js:1025:428)
    at MotionDOMComponent (http://localhost:3000/_next/static/chunks/node_modules_e925c604._.js:985:13)
    at Object.react_stack_bottom_frame (http://localhost:3000/_next/static/chunks/node_modules_next_dist_compiled_react-dom_1e674e59._.js:14827:24)
    at renderWithHooks (http://localhost:3000/_next/static/chunks/node_modules_next_dist_compiled_react-dom_1e674e59._.js:4652:24)
    at updateForwardRef (http://localhost:3000/_next/static/chunks/node_modules_next_dist_compiled_react-dom_1e674e59._.js:5940:21)
    at beginWork (http://localhost:3000/_next/static/chunks/node_modules_next_dist_compiled_react-dom_1e674e59._.js:6784:24)
    at runWithFiberInDEV (http://localhost:3000/_next/static/chunks/node_modules_next_dist_compiled_react-dom_1e674e59._.js:966:74)
    at performUnitOfWork (http://localhost:3000/_next/static/chunks/node_modules_next_dist_compiled_react-dom_1e674e59._.js:9563:97)
    at workLoopSync (http://localhost:3000/_next/static/chunks/node_modules_next_dist_compiled_react-dom_1e674e59._.js:9457:40)
    at renderRootSync (http://localhost:3000/_next/static/chunks/node_modules_next_dist_compiled_react-dom_1e674e59._.js:9441:13)
    at performWorkOnRoot (http://localhost:3000/_next/static/chunks/node_modules_next_dist_compiled_react-dom_1e674e59._.js:9106:47)
    at performWorkOnRootViaSchedulerTask (http://localhost:3000/_next/static/chunks/node_modules_next_dist_compiled_react-dom_1e674e59._.js:10231:9)
    at MessagePort.performWorkUntilDeadline (http://localhost:3000/_next/static/chunks/node_modules_next_dist_compiled_04fc3d3b._.js:3290:64) @ http://localhost:3000/_next/static/chunks/node_modules_next_dist_7b3a48b7._.js:1884
[     352ms] [ERROR] Application error: Error: You have rendered a `motion` component within a `LazyMotion` component. This will break tree shaking. Import and render a `m` component instead.. For more information and steps for solving, visit https://motion.dev/troubleshooting/lazy-strict-mode
    at invariant (http://localhost:3000/_next/static/chunks/node_modules_e751c9e6._.js:5547:19)
    at useStrictMode (http://localhost:3000/_next/static/chunks/node_modules_e925c604._.js:1025:428)
    at MotionDOMComponent (http://localhost:3000/_next/static/chunks/node_modules_e925c604._.js:985:13)
    at Object.react_stack_bottom_frame (http://localhost:3000/_next/static/chunks/node_modules_next_dist_compiled_react-dom_1e674e59._.js:14827:24)
    at renderWithHooks (http://localhost:3000/_next/static/chunks/node_modules_next_dist_compiled_react-dom_1e674e59._.js:4652:24)
    at updateForwardRef (http://localhost:3000/_next/static/chunks/node_modules_next_dist_compiled_react-dom_1e674e59._.js:5940:21)
    at beginWork (http://localhost:3000/_next/static/chunks/node_modules_next_dist_compiled_react-dom_1e674e59._.js:6784:24)
    at runWithFiberInDEV (http://localhost:3000/_next/static/chunks/node_modules_next_dist_compiled_react-dom_1e674e59._.js:966:74)
    at performUnitOfWork (http://localhost:3000/_next/static/chunks/node_modules_next_dist_compiled_react-dom_1e674e59._.js:9563:97)
    at workLoopSync (http://localhost:3000/_next/static/chunks/node_modules_next_dist_compiled_react-dom_1e674e59._.js:9457:40)
    at renderRootSync (http://localhost:3000/_next/static/chunks/node_modules_next_dist_compiled_react-dom_1e674e59._.js:9441:13)
    at performWorkOnRoot (http://localhost:3000/_next/static/chunks/node_modules_next_dist_compiled_react-dom_1e674e59._.js:9106:47)
    at performWorkOnRootViaSchedulerTask (http://localhost:3000/_next/static/chunks/node_modules_next_dist_compiled_react-dom_1e674e59._.js:10231:9)
    at MessagePort.performWorkUntilDeadline (http://localhost:3000/_next/static/chunks/node_modules_next_dist_compiled_04fc3d3b._.js:3290:64) @ http://localhost:3000/_next/static/chunks/node_modules_next_dist_7b3a48b7._.js:1884
[     425ms] [LOG] [Fast Refresh] rebuilding @ http://localhost:3000/_next/static/chunks/node_modules_next_dist_7b3a48b7._.js:1054
[     498ms] [LOG] [Fast Refresh] done in 173ms @ http://localhost:3000/_next/static/chunks/node_modules_next_dist_7b3a48b7._.js:1054
[    1426ms] [LOG] %c[Vercel Web Analytics]%c Debug mode is enabled by default in development. No requests will be sent to the server. color: rgb(120, 120, 120) color: inherit @ http://localhost:3000/_next/static/chunks/node_modules_next_dist_7b3a48b7._.js:1054
[    1427ms] [LOG] %c[Vercel Web Analytics]%c Running queued event color: rgb(120, 120, 120) color: inherit pageview {route: /sowieso, path: /sowieso} @ http://localhost:3000/_next/static/chunks/node_modules_next_dist_7b3a48b7._.js:1054
[    1427ms] [LOG] %c[Vercel Web Analytics]%c Running queued event color: rgb(120, 120, 120) color: inherit pageview {route: /sowieso, path: /sowieso} @ http://localhost:3000/_next/static/chunks/node_modules_next_dist_7b3a48b7._.js:1054
[    1428ms] [LOG] %c[Vercel Web Analytics]%c [view] http://localhost:3000/sowieso color: rgb(120, 120, 120) color: inherit {o: http://localhost:3000/sowieso, sv: 0.1.3, sdkn: @vercel/analytics/next, sdkv: 1.6.1, ts: 1776088182198} /_vercel/insights/view @ http://localhost:3000/_next/static/chunks/node_modules_next_dist_7b3a48b7._.js:1054
[    1428ms] [LOG] %c[Vercel Web Analytics]%c [view] http://localhost:3000/sowieso color: rgb(120, 120, 120) color: inherit {o: http://localhost:3000/sowieso, sv: 0.1.3, sdkn: @vercel/analytics/next, sdkv: 1.6.1, ts: 1776088182198} /_vercel/insights/view @ http://localhost:3000/_next/static/chunks/node_modules_next_dist_7b3a48b7._.js:1054
[    9488ms] [LOG] [Fast Refresh] rebuilding @ http://localhost:3000/_next/static/chunks/node_modules_next_dist_7b3a48b7._.js:1054
[    9536ms] [LOG] [Fast Refresh] done in 149ms @ http://localhost:3000/_next/static/chunks/node_modules_next_dist_7b3a48b7._.js:1054
[   38550ms] [LOG] [Fast Refresh] rebuilding @ http://localhost:3000/_next/static/chunks/node_modules_next_dist_7b3a48b7._.js:1054
[   38696ms] [LOG] [Fast Refresh] done in 142ms @ http://localhost:3000/_next/static/chunks/node_modules_next_dist_7b3a48b7._.js:1054
[   44484ms] [LOG] [Fast Refresh] rebuilding @ http://localhost:3000/_next/static/chunks/node_modules_next_dist_7b3a48b7._.js:1054
[   44514ms] [LOG] [Fast Refresh] done in 64ms @ http://localhost:3000/_next/static/chunks/node_modules_next_dist_7b3a48b7._.js:1054
[   53360ms] [LOG] [Fast Refresh] rebuilding @ http://localhost:3000/_next/static/chunks/node_modules_next_dist_7b3a48b7._.js:1054
[   53440ms] [LOG] [Fast Refresh] done in 70ms @ http://localhost:3000/_next/static/chunks/node_modules_next_dist_7b3a48b7._.js:1054
[   57254ms] [LOG] [Fast Refresh] rebuilding @ http://localhost:3000/_next/static/chunks/node_modules_next_dist_7b3a48b7._.js:1054
[   57264ms] [ERROR] ./app/(landing)/sowieso/_components/SiteHeader.tsx:3:1
Module not found: Can't resolve 'framer-m'
  1 | "use client";
  2 |
> 3 | import { m } from "framer-m";
    | ^^^^^^^^^^^^^^^^^^^^^^^^^^^^^
  4 | import styles from "../sowieso.module.css";
  5 |
  6 | export function SiteHeader() {

Import trace:
  Server Component:
    ./app/(landing)/sowieso/_components/SiteHeader.tsx
    ./app/(landing)/sowieso/page.tsx

https://nextjs.org/docs/messages/module-not-found @ http://localhost:3000/_next/static/chunks/node_modules_next_dist_7b3a48b7._.js:1884
[   63002ms] [LOG] [Fast Refresh] rebuilding @ http://localhost:3000/_next/static/chunks/node_modules_next_dist_7b3a48b7._.js:1054
[   63020ms] [ERROR] ./app/(landing)/sowieso/_components/HeroSection.tsx:3:1
Module not found: Can't resolve 'framer-m'
  1 | "use client";
  2 |
> 3 | import { m, useScroll, useTransform } from "framer-m";
    | ^^^^^^^^^^^^^^^^^^^^^^^^^^^^^^^^^^^^^^^^^^^^^^^^^^^^^^
  4 | import { useRef } from "react";
  5 | import styles from "../sowieso.module.css";
  6 | import { Hands } from "./Hands";

Import trace:
  Server Component:
    ./app/(landing)/sowieso/_components/HeroSection.tsx
    ./app/(landing)/sowieso/page.tsx

https://nextjs.org/docs/messages/module-not-found @ http://localhost:3000/_next/static/chunks/node_modules_next_dist_7b3a48b7._.js:1884
[   63020ms] [ERROR] ./app/(landing)/sowieso/_components/SiteHeader.tsx:3:1
Module not found: Can't resolve 'framer-m'
  1 | "use client";
  2 |
> 3 | import { m } from "framer-m";
    | ^^^^^^^^^^^^^^^^^^^^^^^^^^^^^
  4 | import styles from "../sowieso.module.css";
  5 |
  6 | export function SiteHeader() {

Import trace:
  Server Component:
    ./app/(landing)/sowieso/_components/SiteHeader.tsx
    ./app/(landing)/sowieso/page.tsx

https://nextjs.org/docs/messages/module-not-found @ http://localhost:3000/_next/static/chunks/node_modules_next_dist_7b3a48b7._.js:1884
[   67724ms] [LOG] [Fast Refresh] rebuilding @ http://localhost:3000/_next/static/chunks/node_modules_next_dist_7b3a48b7._.js:1054
[   67745ms] [ERROR] ./app/(landing)/sowieso/_components/AirplanesSection.tsx:3:1
Module not found: Can't resolve 'framer-m'
  1 | "use client";
  2 |
> 3 | import { m, useScroll, useTransform } from "framer-m";
    | ^^^^^^^^^^^^^^^^^^^^^^^^^^^^^^^^^^^^^^^^^^^^^^^^^^^^^^
  4 | import { useRef } from "react";
  5 | import styles from "../sowieso.module.css";
  6 | import { Airplane } from "./Airplane";

Import trace:
  Server Component:
    ./app/(landing)/sowieso/_components/AirplanesSection.tsx
    ./app/(landing)/sowieso/page.tsx

https://nextjs.org/docs/messages/module-not-found @ http://localhost:3000/_next/static/chunks/node_modules_next_dist_7b3a48b7._.js:1884
[   67745ms] [ERROR] ./app/(landing)/sowieso/_components/HeroSection.tsx:3:1
Module not found: Can't resolve 'framer-m'
  1 | "use client";
  2 |
> 3 | import { m, useScroll, useTransform } from "framer-m";
    | ^^^^^^^^^^^^^^^^^^^^^^^^^^^^^^^^^^^^^^^^^^^^^^^^^^^^^^
  4 | import { useRef } from "react";
  5 | import styles from "../sowieso.module.css";
  6 | import { Hands } from "./Hands";

Import trace:
  Server Component:
    ./app/(landing)/sowieso/_components/HeroSection.tsx
    ./app/(landing)/sowieso/page.tsx

https://nextjs.org/docs/messages/module-not-found @ http://localhost:3000/_next/static/chunks/node_modules_next_dist_7b3a48b7._.js:1884
[   67745ms] [ERROR] ./app/(landing)/sowieso/_components/SiteHeader.tsx:3:1
Module not found: Can't resolve 'framer-m'
  1 | "use client";
  2 |
> 3 | import { m } from "framer-m";
    | ^^^^^^^^^^^^^^^^^^^^^^^^^^^^^
  4 | import styles from "../sowieso.module.css";
  5 |
  6 | export function SiteHeader() {

Import trace:
  Server Component:
    ./app/(landing)/sowieso/_components/SiteHeader.tsx
    ./app/(landing)/sowieso/page.tsx

https://nextjs.org/docs/messages/module-not-found @ http://localhost:3000/_next/static/chunks/node_modules_next_dist_7b3a48b7._.js:1884
[   71639ms] [LOG] [Fast Refresh] rebuilding @ http://localhost:3000/_next/static/chunks/node_modules_next_dist_7b3a48b7._.js:1054
[   71696ms] [ERROR] ./app/(landing)/sowieso/_components/AirplanesSection.tsx:3:1
Module not found: Can't resolve 'framer-m'
  1 | "use client";
  2 |
> 3 | import { m, useScroll, useTransform } from "framer-m";
    | ^^^^^^^^^^^^^^^^^^^^^^^^^^^^^^^^^^^^^^^^^^^^^^^^^^^^^^
  4 | import { useRef } from "react";
  5 | import styles from "../sowieso.module.css";
  6 | import { Airplane } from "./Airplane";

Import trace:
  Server Component:
    ./app/(landing)/sowieso/_components/AirplanesSection.tsx
    ./app/(landing)/sowieso/page.tsx

https://nextjs.org/docs/messages/module-not-found @ http://localhost:3000/_next/static/chunks/node_modules_next_dist_7b3a48b7._.js:1884
[   71696ms] [ERROR] ./app/(landing)/sowieso/_components/HeroSection.tsx:3:1
Module not found: Can't resolve 'framer-m'
  1 | "use client";
  2 |
> 3 | import { m, useScroll, useTransform } from "framer-m";
    | ^^^^^^^^^^^^^^^^^^^^^^^^^^^^^^^^^^^^^^^^^^^^^^^^^^^^^^
  4 | import { useRef } from "react";
  5 | import styles from "../sowieso.module.css";
  6 | import { Hands } from "./Hands";

Import trace:
  Server Component:
    ./app/(landing)/sowieso/_components/HeroSection.tsx
    ./app/(landing)/sowieso/page.tsx

https://nextjs.org/docs/messages/module-not-found @ http://localhost:3000/_next/static/chunks/node_modules_next_dist_7b3a48b7._.js:1884
[   71696ms] [ERROR] ./app/(landing)/sowieso/_components/PhaseCards.tsx:3:1
Module not found: Can't resolve 'framer-m'
  1 | "use client";
  2 |
> 3 | import { m, useScroll, useTransform } from "framer-m";
    | ^^^^^^^^^^^^^^^^^^^^^^^^^^^^^^^^^^^^^^^^^^^^^^^^^^^^^^
  4 | import { useRef } from "react";
  5 | import styles from "../sowieso.module.css";
  6 | import { Reveal } from "./Reveal";

Import trace:
  Server Component:
    ./app/(landing)/sowieso/_components/PhaseCards.tsx
    ./app/(landing)/sowieso/page.tsx

https://nextjs.org/docs/messages/module-not-found @ http://localhost:3000/_next/static/chunks/node_modules_next_dist_7b3a48b7._.js:1884
[   71696ms] [ERROR] ./app/(landing)/sowieso/_components/SiteHeader.tsx:3:1
Module not found: Can't resolve 'framer-m'
  1 | "use client";
  2 |
> 3 | import { m } from "framer-m";
    | ^^^^^^^^^^^^^^^^^^^^^^^^^^^^^
  4 | import styles from "../sowieso.module.css";
  5 |
  6 | export function SiteHeader() {

Import trace:
  Server Component:
    ./app/(landing)/sowieso/_components/SiteHeader.tsx
    ./app/(landing)/sowieso/page.tsx

https://nextjs.org/docs/messages/module-not-found @ http://localhost:3000/_next/static/chunks/node_modules_next_dist_7b3a48b7._.js:1884
[   77701ms] [LOG] [Fast Refresh] rebuilding @ http://localhost:3000/_next/static/chunks/node_modules_next_dist_7b3a48b7._.js:1054
[   77737ms] [ERROR] ./app/(landing)/sowieso/_components/AirplanesSection.tsx:3:1
Module not found: Can't resolve 'framer-m'
  1 | "use client";
  2 |
> 3 | import { m, useScroll, useTransform } from "framer-m";
    | ^^^^^^^^^^^^^^^^^^^^^^^^^^^^^^^^^^^^^^^^^^^^^^^^^^^^^^
  4 | import { useRef } from "react";
  5 | import styles from "../sowieso.module.css";
  6 | import { Airplane } from "./Airplane";

Import trace:
  Server Component:
    ./app/(landing)/sowieso/_components/AirplanesSection.tsx
    ./app/(landing)/sowieso/page.tsx

https://nextjs.org/docs/messages/module-not-found @ http://localhost:3000/_next/static/chunks/node_modules_next_dist_7b3a48b7._.js:1884
[   77737ms] [ERROR] ./app/(landing)/sowieso/_components/FaqSection.tsx:4:1
Module not found: Can't resolve 'framer-m'
  2 |
  3 | import { useState } from "react";
> 4 | import { m, AnimatePresence } from "framer-m";
    | ^^^^^^^^^^^^^^^^^^^^^^^^^^^^^^^^^^^^^^^^^^^^^^
  5 | import styles from "../sowieso.module.css";
  6 | import { Reveal } from "./Reveal";
  7 |

Import trace:
  Server Component:
    ./app/(landing)/sowieso/_components/FaqSection.tsx
    ./app/(landing)/sowieso/page.tsx

https://nextjs.org/docs/messages/module-not-found @ http://localhost:3000/_next/static/chunks/node_modules_next_dist_7b3a48b7._.js:1884
[   77737ms] [ERROR] ./app/(landing)/sowieso/_components/HeroSection.tsx:3:1
Module not found: Can't resolve 'framer-m'
  1 | "use client";
  2 |
> 3 | import { m, useScroll, useTransform } from "framer-m";
    | ^^^^^^^^^^^^^^^^^^^^^^^^^^^^^^^^^^^^^^^^^^^^^^^^^^^^^^
  4 | import { useRef } from "react";
  5 | import styles from "../sowieso.module.css";
  6 | import { Hands } from "./Hands";

Import trace:
  Server Component:
    ./app/(landing)/sowieso/_components/HeroSection.tsx
    ./app/(landing)/sowieso/page.tsx

https://nextjs.org/docs/messages/module-not-found @ http://localhost:3000/_next/static/chunks/node_modules_next_dist_7b3a48b7._.js:1884
[   77737ms] [ERROR] ./app/(landing)/sowieso/_components/PhaseCards.tsx:3:1
Module not found: Can't resolve 'framer-m'
  1 | "use client";
  2 |
> 3 | import { m, useScroll, useTransform } from "framer-m";
    | ^^^^^^^^^^^^^^^^^^^^^^^^^^^^^^^^^^^^^^^^^^^^^^^^^^^^^^
  4 | import { useRef } from "react";
  5 | import styles from "../sowieso.module.css";
  6 | import { Reveal } from "./Reveal";

Import trace:
  Server Component:
    ./app/(landing)/sowieso/_components/PhaseCards.tsx
    ./app/(landing)/sowieso/page.tsx

https://nextjs.org/docs/messages/module-not-found @ http://localhost:3000/_next/static/chunks/node_modules_next_dist_7b3a48b7._.js:1884
[   77737ms] [ERROR] ./app/(landing)/sowieso/_components/SiteHeader.tsx:3:1
Module not found: Can't resolve 'framer-m'
  1 | "use client";
  2 |
> 3 | import { m } from "framer-m";
    | ^^^^^^^^^^^^^^^^^^^^^^^^^^^^^
  4 | import styles from "../sowieso.module.css";
  5 |
  6 | export function SiteHeader() {

Import trace:
  Server Component:
    ./app/(landing)/sowieso/_components/SiteHeader.tsx
    ./app/(landing)/sowieso/page.tsx

https://nextjs.org/docs/messages/module-not-found @ http://localhost:3000/_next/static/chunks/node_modules_next_dist_7b3a48b7._.js:1884
[   80816ms] [LOG] [Fast Refresh] rebuilding @ http://localhost:3000/_next/static/chunks/node_modules_next_dist_7b3a48b7._.js:1054
[   80908ms] [ERROR] ./app/(landing)/sowieso/_components/AirplanesSection.tsx:3:1
Module not found: Can't resolve 'framer-m'
  1 | "use client";
  2 |
> 3 | import { m, useScroll, useTransform } from "framer-m";
    | ^^^^^^^^^^^^^^^^^^^^^^^^^^^^^^^^^^^^^^^^^^^^^^^^^^^^^^
  4 | import { useRef } from "react";
  5 | import styles from "../sowieso.module.css";
  6 | import { Airplane } from "./Airplane";

Import trace:
  Server Component:
    ./app/(landing)/sowieso/_components/AirplanesSection.tsx
    ./app/(landing)/sowieso/page.tsx

https://nextjs.org/docs/messages/module-not-found @ http://localhost:3000/_next/static/chunks/node_modules_next_dist_7b3a48b7._.js:1884
[   80908ms] [ERROR] ./app/(landing)/sowieso/_components/FaqSection.tsx:4:1
Module not found: Can't resolve 'framer-m'
  2 |
  3 | import { useState } from "react";
> 4 | import { m, AnimatePresence } from "framer-m";
    | ^^^^^^^^^^^^^^^^^^^^^^^^^^^^^^^^^^^^^^^^^^^^^^
  5 | import styles from "../sowieso.module.css";
  6 | import { Reveal } from "./Reveal";
  7 |

Import trace:
  Server Component:
    ./app/(landing)/sowieso/_components/FaqSection.tsx
    ./app/(landing)/sowieso/page.tsx

https://nextjs.org/docs/messages/module-not-found @ http://localhost:3000/_next/static/chunks/node_modules_next_dist_7b3a48b7._.js:1884
[   80908ms] [ERROR] ./app/(landing)/sowieso/_components/HeroSection.tsx:3:1
Module not found: Can't resolve 'framer-m'
  1 | "use client";
  2 |
> 3 | import { m, useScroll, useTransform } from "framer-m";
    | ^^^^^^^^^^^^^^^^^^^^^^^^^^^^^^^^^^^^^^^^^^^^^^^^^^^^^^
  4 | import { useRef } from "react";
  5 | import styles from "../sowieso.module.css";
  6 | import { Hands } from "./Hands";

Import trace:
  Server Component:
    ./app/(landing)/sowieso/_components/HeroSection.tsx
    ./app/(landing)/sowieso/page.tsx

https://nextjs.org/docs/messages/module-not-found @ http://localhost:3000/_next/static/chunks/node_modules_next_dist_7b3a48b7._.js:1884
[   80908ms] [ERROR] ./app/(landing)/sowieso/_components/PageTransition.tsx:3:1
Module not found: Can't resolve 'framer-m'
  1 | "use client";
  2 |
> 3 | import { m, useScroll, useTransform } from "framer-m";
    | ^^^^^^^^^^^^^^^^^^^^^^^^^^^^^^^^^^^^^^^^^^^^^^^^^^^^^^
  4 | import { useRef } from "react";
  5 |
  6 | export function PageTransition() {

Import trace:
  Server Component:
    ./app/(landing)/sowieso/_components/PageTransition.tsx
    ./app/(landing)/sowieso/page.tsx

https://nextjs.org/docs/messages/module-not-found @ http://localhost:3000/_next/static/chunks/node_modules_next_dist_7b3a48b7._.js:1884
[   80908ms] [ERROR] ./app/(landing)/sowieso/_components/PhaseCards.tsx:3:1
Module not found: Can't resolve 'framer-m'
  1 | "use client";
  2 |
> 3 | import { m, useScroll, useTransform } from "framer-m";
    | ^^^^^^^^^^^^^^^^^^^^^^^^^^^^^^^^^^^^^^^^^^^^^^^^^^^^^^
  4 | import { useRef } from "react";
  5 | import styles from "../sowieso.module.css";
  6 | import { Reveal } from "./Reveal";

Import trace:
  Server Component:
    ./app/(landing)/sowieso/_components/PhaseCards.tsx
    ./app/(landing)/sowieso/page.tsx

https://nextjs.org/docs/messages/module-not-found @ http://localhost:3000/_next/static/chunks/node_modules_next_dist_7b3a48b7._.js:1884
[   80908ms] [ERROR] ./app/(landing)/sowieso/_components/SiteHeader.tsx:3:1
Module not found: Can't resolve 'framer-m'
  1 | "use client";
  2 |
> 3 | import { m } from "framer-m";
    | ^^^^^^^^^^^^^^^^^^^^^^^^^^^^^
  4 | import styles from "../sowieso.module.css";
  5 |
  6 | export function SiteHeader() {

Import trace:
  Server Component:
    ./app/(landing)/sowieso/_components/SiteHeader.tsx
    ./app/(landing)/sowieso/page.tsx

https://nextjs.org/docs/messages/module-not-found @ http://localhost:3000/_next/static/chunks/node_modules_next_dist_7b3a48b7._.js:1884
